Time resolution is 1 ps
=== FSM Testbench Start ===

--- Тест 1: Корректные A + B ---
[               25000] RX: '0' (0x30), ParityErr=0, FrameErr=0
[               45000] RX: '0' (0x30), ParityErr=0, FrameErr=0
[               65000] RX: '0' (0x30), ParityErr=0, FrameErr=0
[               85000] RX: '0' (0x30), ParityErr=0, FrameErr=0
[              105000] RX: '0' (0x30), ParityErr=0, FrameErr=0
[              125000] RX: '0' (0x30), ParityErr=0, FrameErr=0
[              145000] RX: '0' (0x30), ParityErr=0, FrameErr=0
[              165000] RX: '0' (0x30), ParityErr=0, FrameErr=0
[              185000] RX: '0' (0x30), ParityErr=0, FrameErr=0
[              205000] RX: '0' (0x30), ParityErr=0, FrameErr=0
[              225000] RX: '0' (0x30), ParityErr=0, FrameErr=0
[              245000] RX: 'A' (0x41), ParityErr=0, FrameErr=0
[              265000] RX: '1' (0x31), ParityErr=0, FrameErr=0
[              285000] RX: ' ' (0x20), ParityErr=0, FrameErr=0
[              305000] RX: '0' (0x30), ParityErr=0, FrameErr=0
[              325000] RX: '0' (0x30), ParityErr=0, FrameErr=0
[              345000] RX: '0' (0x30), ParityErr=0, FrameErr=0
[              365000] RX: '0' (0x30), ParityErr=0, FrameErr=0
[              385000] RX: '0' (0x30), ParityErr=0, FrameErr=0
[              405000] RX: '0' (0x30), ParityErr=0, FrameErr=0
[              425000] RX: '0' (0x30), ParityErr=0, FrameErr=0
[              445000] RX: '0' (0x30), ParityErr=0, FrameErr=0
[              465000] RX: '0' (0x30), ParityErr=0, FrameErr=0
[              485000] RX: '0' (0x30), ParityErr=0, FrameErr=0
[              505000] RX: '1' (0x31), ParityErr=0, FrameErr=0
[              525000] RX: 'B' (0x42), ParityErr=0, FrameErr=0
[              545000] RX: 'B' (0x42), ParityErr=0, FrameErr=0
[              565000] RX: '
' (0x0d), ParityErr=0, FrameErr=0
[              585000] RX: '
' (0x0a), ParityErr=0, FrameErr=0
[              615000] TX: 'a' (0x61)
[              655000] TX: 'N' (0x4e)
[              695000] TX: 'S' (0x53)
[              735000] TX: 'w' (0x77)
[              775000] TX: 'e' (0x65)
[              815000] TX: 'r' (0x72)
[              855000] TX: ':' (0x3a)
[              895000] TX: ' ' (0x20)
[             1165000] TX: '2' (0x32)
[             1205000] TX: '5' (0x35)
[             1245000] TX: 'C' (0x43)

--- Тест 2: Ошибка четности ---
[             1595000] RX: 'A' (0x41), ParityErr=1, FrameErr=0
[             1635000] TX: 'E' (0x45)
[             1675000] TX: 'R' (0x52)
[             1715000] TX: 'r' (0x72)
[             1755000] TX: 'O' (0x4f)
[             1795000] TX: 'R' (0x52)
[             1835000] TX: '-' (0x2d)
[             1875000] TX: ' ' (0x20)
[             1915000] TX: 'p' (0x70)
[             1955000] TX: 'A' (0x41)
[             1995000] TX: 'R' (0x52)
[             2035000] TX: 'i' (0x69)
[             2075000] TX: 'T' (0x54)

--- Тест 3: Ошибка кадра ---
[             2105000] RX: 'A' (0x41), ParityErr=0, FrameErr=1
[             2115000] TX: 'y' (0x79)
[             2145000] TX: 'e' (0x65)
[             2185000] TX: 'R' (0x52)
[             2225000] TX: 'R' (0x52)
[             2265000] TX: 'o' (0x6f)
[             2305000] TX: 'r' (0x72)
[             2345000] TX: ':' (0x3a)
[             2385000] TX: ' ' (0x20)
[             2425000] TX: 'f' (0x66)
[             2465000] TX: 'o' (0x6f)
[             2505000] TX: 'r' (0x72)
[             2545000] TX: 'M' (0x4d)
[             2585000] TX: 'a' (0x61)

--- Тест 3: Ошибка четности + кадр ---
[             2615000] RX: 'A' (0x41), ParityErr=1, FrameErr=1
[             2625000] TX: 't' (0x74)
[             2655000] TX: 'e' (0x65)
[             2695000] TX: 'R' (0x52)
[             2735000] TX: 'r' (0x72)
[             2775000] TX: 'O' (0x4f)
[             2815000] TX: 'r' (0x72)
[             2855000] TX: '-' (0x2d)
[             2895000] TX: 'u' (0x75)
[             2935000] TX: 'A' (0x41)
[             2975000] TX: 'R' (0x52)
[             3015000] TX: 't' (0x74)

--- Тест 4: Ошибка формата ---
[             3125000] RX: 'Z' (0x5a), ParityErr=0, FrameErr=0
[         